2026-06-28 13:18:59 | ERROR    | app.middleware.error_handler:53 | Unhandled exception: UnknownHashError: hash could not be identified | POST /api/auth/login
Traceback (most recent call last):
  File "C:\Users\minde\AppData\Local\Programs\Python\Python313\Lib\site-packages\starlette\middleware\errors.py", line 164, in __call__
    await self.app(scope, receive, _send)
  File "C:\Users\minde\AppData\Local\Programs\Python\Python313\Lib\site-packages\starlette\middleware\cors.py", line 93, in __call__
    await self.simple_response(scope, receive, send, request_headers=headers)
  File "C:\Users\minde\AppData\Local\Programs\Python\Python313\Lib\site-packages\starlette\middleware\cors.py", line 148, in simple_response
    await self.app(scope, receive, send)
  File "C:\Users\minde\AppData\Local\Programs\Python\Python313\Lib\site-packages\starlette\middleware\exceptions.py", line 65, in __call__
    await wrap_app_handling_exceptions(self.app, conn)(scope, receive, send)
  File "C:\Users\minde\AppData\Local\Programs\Python\Python313\Lib\site-packages\starlette\_exception_handler.py", line 64, in wrapped_app
    raise exc
  File "C:\Users\minde\AppData\Local\Programs\Python\Python313\Lib\site-packages\starlette\_exception_handler.py", line 53, in wrapped_app
    await app(scope, receive, sender)
  File "C:\Users\minde\AppData\Local\Programs\Python\Python313\Lib\site-packages\starlette\routing.py", line 756, in __call__
    await self.middleware_stack(scope, receive, send)
  File "C:\Users\minde\AppData\Local\Programs\Python\Python313\Lib\site-packages\starlette\routing.py", line 776, in app
    await route.handle(scope, receive, send)
  File "C:\Users\minde\AppData\Local\Programs\Python\Python313\Lib\site-packages\starlette\routing.py", line 297, in handle
    await self.app(scope, receive, send)
  File "C:\Users\minde\AppData\Local\Programs\Python\Python313\Lib\site-packages\starlette\routing.py", line 77, in app
    await wrap_app_handling_exceptions(app, request)(scope, receive, send)
  File "C:\Users\minde\AppData\Local\Programs\Python\Python313\Lib\site-packages\starlette\_exception_handler.py", line 64, in wrapped_app
    raise exc
  File "C:\Users\minde\AppData\Local\Programs\Python\Python313\Lib\site-packages\starlette\_exception_handler.py", line 53, in wrapped_app
    await app(scope, receive, sender)
  File "C:\Users\minde\AppData\Local\Programs\Python\Python313\Lib\site-packages\starlette\routing.py", line 72, in app
    response = await func(request)
               ^^^^^^^^^^^^^^^^^^^
  File "C:\Users\minde\AppData\Local\Programs\Python\Python313\Lib\site-packages\fastapi\routing.py", line 278, in app
    raw_response = await run_endpoint_function(
                   ^^^^^^^^^^^^^^^^^^^^^^^^^^^^
        dependant=dependant, values=values, is_coroutine=is_coroutine
        ^^^^^^^^^^^^^^^^^^^^^^^^^^^^^^^^^^^^^^^^^^^^^^^^^^^^^^^^^^^^^
    )
    ^
  File "C:\Users\minde\AppData\Local\Programs\Python\Python313\Lib\site-packages\fastapi\routing.py", line 191, in run_endpoint_function
    return await dependant.call(**values)
           ^^^^^^^^^^^^^^^^^^^^^^^^^^^^^^
  File "I:\hari-app\garmentflow\backend\app\routes\auth.py", line 112, in login
    if not doc or not verify_password(body.password, doc.get("password_hash", "")):
                      ~~~~~~~~~~~~~~~^^^^^^^^^^^^^^^^^^^^^^^^^^^^^^^^^^^^^^^^^^^^^
  File "I:\hari-app\garmentflow\backend\app\config\security.py", line 31, in verify_password
    return pwd_context.verify(plain_password, hashed_password)
           ~~~~~~~~~~~~~~~~~~^^^^^^^^^^^^^^^^^^^^^^^^^^^^^^^^^
  File "C:\Users\minde\AppData\Local\Programs\Python\Python313\Lib\site-packages\passlib\context.py", line 2343, in verify
    record = self._get_or_identify_record(hash, scheme, category)
  File "C:\Users\minde\AppData\Local\Programs\Python\Python313\Lib\site-packages\passlib\context.py", line 2031, in _get_or_identify_record
    return self._identify_record(hash, category)
           ~~~~~~~~~~~~~~~~~~~~~^^^^^^^^^^^^^^^^
  File "C:\Users\minde\AppData\Local\Programs\Python\Python313\Lib\site-packages\passlib\context.py", line 1132, in identify_record
    raise exc.UnknownHashError("hash could not be identified")
passlib.exc.UnknownHashError: hash could not be identified
2026-06-28 13:19:01 | ERROR    | app.middleware.error_handler:53 | Unhandled exception: UnknownHashError: hash could not be identified | POST /api/auth/login
Traceback (most recent call last):
  File "C:\Users\minde\AppData\Local\Programs\Python\Python313\Lib\site-packages\starlette\middleware\errors.py", line 164, in __call__
    await self.app(scope, receive, _send)
  File "C:\Users\minde\AppData\Local\Programs\Python\Python313\Lib\site-packages\starlette\middleware\cors.py", line 93, in __call__
    await self.simple_response(scope, receive, send, request_headers=headers)
  File "C:\Users\minde\AppData\Local\Programs\Python\Python313\Lib\site-packages\starlette\middleware\cors.py", line 148, in simple_response
    await self.app(scope, receive, send)
  File "C:\Users\minde\AppData\Local\Programs\Python\Python313\Lib\site-packages\starlette\middleware\exceptions.py", line 65, in __call__
    await wrap_app_handling_exceptions(self.app, conn)(scope, receive, send)
  File "C:\Users\minde\AppData\Local\Programs\Python\Python313\Lib\site-packages\starlette\_exception_handler.py", line 64, in wrapped_app
    raise exc
  File "C:\Users\minde\AppData\Local\Programs\Python\Python313\Lib\site-packages\starlette\_exception_handler.py", line 53, in wrapped_app
    await app(scope, receive, sender)
  File "C:\Users\minde\AppData\Local\Programs\Python\Python313\Lib\site-packages\starlette\routing.py", line 756, in __call__
    await self.middleware_stack(scope, receive, send)
  File "C:\Users\minde\AppData\Local\Programs\Python\Python313\Lib\site-packages\starlette\routing.py", line 776, in app
    await route.handle(scope, receive, send)
  File "C:\Users\minde\AppData\Local\Programs\Python\Python313\Lib\site-packages\starlette\routing.py", line 297, in handle
    await self.app(scope, receive, send)
  File "C:\Users\minde\AppData\Local\Programs\Python\Python313\Lib\site-packages\starlette\routing.py", line 77, in app
    await wrap_app_handling_exceptions(app, request)(scope, receive, send)
  File "C:\Users\minde\AppData\Local\Programs\Python\Python313\Lib\site-packages\starlette\_exception_handler.py", line 64, in wrapped_app
    raise exc
  File "C:\Users\minde\AppData\Local\Programs\Python\Python313\Lib\site-packages\starlette\_exception_handler.py", line 53, in wrapped_app
    await app(scope, receive, sender)
  File "C:\Users\minde\AppData\Local\Programs\Python\Python313\Lib\site-packages\starlette\routing.py", line 72, in app
    response = await func(request)
               ^^^^^^^^^^^^^^^^^^^
  File "C:\Users\minde\AppData\Local\Programs\Python\Python313\Lib\site-packages\fastapi\routing.py", line 278, in app
    raw_response = await run_endpoint_function(
                   ^^^^^^^^^^^^^^^^^^^^^^^^^^^^
        dependant=dependant, values=values, is_coroutine=is_coroutine
        ^^^^^^^^^^^^^^^^^^^^^^^^^^^^^^^^^^^^^^^^^^^^^^^^^^^^^^^^^^^^^
    )
    ^
  File "C:\Users\minde\AppData\Local\Programs\Python\Python313\Lib\site-packages\fastapi\routing.py", line 191, in run_endpoint_function
    return await dependant.call(**values)
           ^^^^^^^^^^^^^^^^^^^^^^^^^^^^^^
  File "I:\hari-app\garmentflow\backend\app\routes\auth.py", line 112, in login
    if not doc or not verify_password(body.password, doc.get("password_hash", "")):
                      ~~~~~~~~~~~~~~~^^^^^^^^^^^^^^^^^^^^^^^^^^^^^^^^^^^^^^^^^^^^^
  File "I:\hari-app\garmentflow\backend\app\config\security.py", line 31, in verify_password
    return pwd_context.verify(plain_password, hashed_password)
           ~~~~~~~~~~~~~~~~~~^^^^^^^^^^^^^^^^^^^^^^^^^^^^^^^^^
  File "C:\Users\minde\AppData\Local\Programs\Python\Python313\Lib\site-packages\passlib\context.py", line 2343, in verify
    record = self._get_or_identify_record(hash, scheme, category)
  File "C:\Users\minde\AppData\Local\Programs\Python\Python313\Lib\site-packages\passlib\context.py", line 2031, in _get_or_identify_record
    return self._identify_record(hash, category)
           ~~~~~~~~~~~~~~~~~~~~~^^^^^^^^^^^^^^^^
  File "C:\Users\minde\AppData\Local\Programs\Python\Python313\Lib\site-packages\passlib\context.py", line 1132, in identify_record
    raise exc.UnknownHashError("hash could not be identified")
passlib.exc.UnknownHashError: hash could not be identified
2026-06-28 13:19:59 | ERROR    | app.middleware.error_handler:53 | Unhandled exception: UnknownHashError: hash could not be identified | POST /api/auth/login
Traceback (most recent call last):
  File "C:\Users\minde\AppData\Local\Programs\Python\Python313\Lib\site-packages\starlette\middleware\errors.py", line 164, in __call__
    await self.app(scope, receive, _send)
  File "C:\Users\minde\AppData\Local\Programs\Python\Python313\Lib\site-packages\starlette\middleware\cors.py", line 93, in __call__
    await self.simple_response(scope, receive, send, request_headers=headers)
  File "C:\Users\minde\AppData\Local\Programs\Python\Python313\Lib\site-packages\starlette\middleware\cors.py", line 148, in simple_response
    await self.app(scope, receive, send)
  File "C:\Users\minde\AppData\Local\Programs\Python\Python313\Lib\site-packages\starlette\middleware\exceptions.py", line 65, in __call__
    await wrap_app_handling_exceptions(self.app, conn)(scope, receive, send)
  File "C:\Users\minde\AppData\Local\Programs\Python\Python313\Lib\site-packages\starlette\_exception_handler.py", line 64, in wrapped_app
    raise exc
  File "C:\Users\minde\AppData\Local\Programs\Python\Python313\Lib\site-packages\starlette\_exception_handler.py", line 53, in wrapped_app
    await app(scope, receive, sender)
  File "C:\Users\minde\AppData\Local\Programs\Python\Python313\Lib\site-packages\starlette\routing.py", line 756, in __call__
    await self.middleware_stack(scope, receive, send)
  File "C:\Users\minde\AppData\Local\Programs\Python\Python313\Lib\site-packages\starlette\routing.py", line 776, in app
    await route.handle(scope, receive, send)
  File "C:\Users\minde\AppData\Local\Programs\Python\Python313\Lib\site-packages\starlette\routing.py", line 297, in handle
    await self.app(scope, receive, send)
  File "C:\Users\minde\AppData\Local\Programs\Python\Python313\Lib\site-packages\starlette\routing.py", line 77, in app
    await wrap_app_handling_exceptions(app, request)(scope, receive, send)
  File "C:\Users\minde\AppData\Local\Programs\Python\Python313\Lib\site-packages\starlette\_exception_handler.py", line 64, in wrapped_app
    raise exc
  File "C:\Users\minde\AppData\Local\Programs\Python\Python313\Lib\site-packages\starlette\_exception_handler.py", line 53, in wrapped_app
    await app(scope, receive, sender)
  File "C:\Users\minde\AppData\Local\Programs\Python\Python313\Lib\site-packages\starlette\routing.py", line 72, in app
    response = await func(request)
               ^^^^^^^^^^^^^^^^^^^
  File "C:\Users\minde\AppData\Local\Programs\Python\Python313\Lib\site-packages\fastapi\routing.py", line 278, in app
    raw_response = await run_endpoint_function(
                   ^^^^^^^^^^^^^^^^^^^^^^^^^^^^
        dependant=dependant, values=values, is_coroutine=is_coroutine
        ^^^^^^^^^^^^^^^^^^^^^^^^^^^^^^^^^^^^^^^^^^^^^^^^^^^^^^^^^^^^^
    )
    ^
  File "C:\Users\minde\AppData\Local\Programs\Python\Python313\Lib\site-packages\fastapi\routing.py", line 191, in run_endpoint_function
    return await dependant.call(**values)
           ^^^^^^^^^^^^^^^^^^^^^^^^^^^^^^
  File "I:\hari-app\garmentflow\backend\app\routes\auth.py", line 112, in login
    if not doc or not verify_password(body.password, doc.get("password_hash", "")):
                      ~~~~~~~~~~~~~~~^^^^^^^^^^^^^^^^^^^^^^^^^^^^^^^^^^^^^^^^^^^^^
  File "I:\hari-app\garmentflow\backend\app\config\security.py", line 31, in verify_password
    return pwd_context.verify(plain_password, hashed_password)
           ~~~~~~~~~~~~~~~~~~^^^^^^^^^^^^^^^^^^^^^^^^^^^^^^^^^
  File "C:\Users\minde\AppData\Local\Programs\Python\Python313\Lib\site-packages\passlib\context.py", line 2343, in verify
    record = self._get_or_identify_record(hash, scheme, category)
  File "C:\Users\minde\AppData\Local\Programs\Python\Python313\Lib\site-packages\passlib\context.py", line 2031, in _get_or_identify_record
    return self._identify_record(hash, category)
           ~~~~~~~~~~~~~~~~~~~~~^^^^^^^^^^^^^^^^
  File "C:\Users\minde\AppData\Local\Programs\Python\Python313\Lib\site-packages\passlib\context.py", line 1132, in identify_record
    raise exc.UnknownHashError("hash could not be identified")
passlib.exc.UnknownHashError: hash could not be identified
2026-06-28 13:20:00 | ERROR    | app.middleware.error_handler:53 | Unhandled exception: UnknownHashError: hash could not be identified | POST /api/auth/login
Traceback (most recent call last):
  File "C:\Users\minde\AppData\Local\Programs\Python\Python313\Lib\site-packages\starlette\middleware\errors.py", line 164, in __call__
    await self.app(scope, receive, _send)
  File "C:\Users\minde\AppData\Local\Programs\Python\Python313\Lib\site-packages\starlette\middleware\cors.py", line 93, in __call__
    await self.simple_response(scope, receive, send, request_headers=headers)
  File "C:\Users\minde\AppData\Local\Programs\Python\Python313\Lib\site-packages\starlette\middleware\cors.py", line 148, in simple_response
    await self.app(scope, receive, send)
  File "C:\Users\minde\AppData\Local\Programs\Python\Python313\Lib\site-packages\starlette\middleware\exceptions.py", line 65, in __call__
    await wrap_app_handling_exceptions(self.app, conn)(scope, receive, send)
  File "C:\Users\minde\AppData\Local\Programs\Python\Python313\Lib\site-packages\starlette\_exception_handler.py", line 64, in wrapped_app
    raise exc
  File "C:\Users\minde\AppData\Local\Programs\Python\Python313\Lib\site-packages\starlette\_exception_handler.py", line 53, in wrapped_app
    await app(scope, receive, sender)
  File "C:\Users\minde\AppData\Local\Programs\Python\Python313\Lib\site-packages\starlette\routing.py", line 756, in __call__
    await self.middleware_stack(scope, receive, send)
  File "C:\Users\minde\AppData\Local\Programs\Python\Python313\Lib\site-packages\starlette\routing.py", line 776, in app
    await route.handle(scope, receive, send)
  File "C:\Users\minde\AppData\Local\Programs\Python\Python313\Lib\site-packages\starlette\routing.py", line 297, in handle
    await self.app(scope, receive, send)
  File "C:\Users\minde\AppData\Local\Programs\Python\Python313\Lib\site-packages\starlette\routing.py", line 77, in app
    await wrap_app_handling_exceptions(app, request)(scope, receive, send)
  File "C:\Users\minde\AppData\Local\Programs\Python\Python313\Lib\site-packages\starlette\_exception_handler.py", line 64, in wrapped_app
    raise exc
  File "C:\Users\minde\AppData\Local\Programs\Python\Python313\Lib\site-packages\starlette\_exception_handler.py", line 53, in wrapped_app
    await app(scope, receive, sender)
  File "C:\Users\minde\AppData\Local\Programs\Python\Python313\Lib\site-packages\starlette\routing.py", line 72, in app
    response = await func(request)
               ^^^^^^^^^^^^^^^^^^^
  File "C:\Users\minde\AppData\Local\Programs\Python\Python313\Lib\site-packages\fastapi\routing.py", line 278, in app
    raw_response = await run_endpoint_function(
                   ^^^^^^^^^^^^^^^^^^^^^^^^^^^^
        dependant=dependant, values=values, is_coroutine=is_coroutine
        ^^^^^^^^^^^^^^^^^^^^^^^^^^^^^^^^^^^^^^^^^^^^^^^^^^^^^^^^^^^^^
    )
    ^
  File "C:\Users\minde\AppData\Local\Programs\Python\Python313\Lib\site-packages\fastapi\routing.py", line 191, in run_endpoint_function
    return await dependant.call(**values)
           ^^^^^^^^^^^^^^^^^^^^^^^^^^^^^^
  File "I:\hari-app\garmentflow\backend\app\routes\auth.py", line 112, in login
    if not doc or not verify_password(body.password, doc.get("password_hash", "")):
                      ~~~~~~~~~~~~~~~^^^^^^^^^^^^^^^^^^^^^^^^^^^^^^^^^^^^^^^^^^^^^
  File "I:\hari-app\garmentflow\backend\app\config\security.py", line 31, in verify_password
    return pwd_context.verify(plain_password, hashed_password)
           ~~~~~~~~~~~~~~~~~~^^^^^^^^^^^^^^^^^^^^^^^^^^^^^^^^^
  File "C:\Users\minde\AppData\Local\Programs\Python\Python313\Lib\site-packages\passlib\context.py", line 2343, in verify
    record = self._get_or_identify_record(hash, scheme, category)
  File "C:\Users\minde\AppData\Local\Programs\Python\Python313\Lib\site-packages\passlib\context.py", line 2031, in _get_or_identify_record
    return self._identify_record(hash, category)
           ~~~~~~~~~~~~~~~~~~~~~^^^^^^^^^^^^^^^^
  File "C:\Users\minde\AppData\Local\Programs\Python\Python313\Lib\site-packages\passlib\context.py", line 1132, in identify_record
    raise exc.UnknownHashError("hash could not be identified")
passlib.exc.UnknownHashError: hash could not be identified
2026-06-28 13:20:19 | ERROR    | app.middleware.error_handler:53 | Unhandled exception: UnknownHashError: hash could not be identified | POST /api/auth/login
Traceback (most recent call last):
  File "C:\Users\minde\AppData\Local\Programs\Python\Python313\Lib\site-packages\starlette\middleware\errors.py", line 164, in __call__
    await self.app(scope, receive, _send)
  File "C:\Users\minde\AppData\Local\Programs\Python\Python313\Lib\site-packages\starlette\middleware\cors.py", line 93, in __call__
    await self.simple_response(scope, receive, send, request_headers=headers)
  File "C:\Users\minde\AppData\Local\Programs\Python\Python313\Lib\site-packages\starlette\middleware\cors.py", line 148, in simple_response
    await self.app(scope, receive, send)
  File "C:\Users\minde\AppData\Local\Programs\Python\Python313\Lib\site-packages\starlette\middleware\exceptions.py", line 65, in __call__
    await wrap_app_handling_exceptions(self.app, conn)(scope, receive, send)
  File "C:\Users\minde\AppData\Local\Programs\Python\Python313\Lib\site-packages\starlette\_exception_handler.py", line 64, in wrapped_app
    raise exc
  File "C:\Users\minde\AppData\Local\Programs\Python\Python313\Lib\site-packages\starlette\_exception_handler.py", line 53, in wrapped_app
    await app(scope, receive, sender)
  File "C:\Users\minde\AppData\Local\Programs\Python\Python313\Lib\site-packages\starlette\routing.py", line 756, in __call__
    await self.middleware_stack(scope, receive, send)
  File "C:\Users\minde\AppData\Local\Programs\Python\Python313\Lib\site-packages\starlette\routing.py", line 776, in app
    await route.handle(scope, receive, send)
  File "C:\Users\minde\AppData\Local\Programs\Python\Python313\Lib\site-packages\starlette\routing.py", line 297, in handle
    await self.app(scope, receive, send)
  File "C:\Users\minde\AppData\Local\Programs\Python\Python313\Lib\site-packages\starlette\routing.py", line 77, in app
    await wrap_app_handling_exceptions(app, request)(scope, receive, send)
  File "C:\Users\minde\AppData\Local\Programs\Python\Python313\Lib\site-packages\starlette\_exception_handler.py", line 64, in wrapped_app
    raise exc
  File "C:\Users\minde\AppData\Local\Programs\Python\Python313\Lib\site-packages\starlette\_exception_handler.py", line 53, in wrapped_app
    await app(scope, receive, sender)
  File "C:\Users\minde\AppData\Local\Programs\Python\Python313\Lib\site-packages\starlette\routing.py", line 72, in app
    response = await func(request)
               ^^^^^^^^^^^^^^^^^^^
  File "C:\Users\minde\AppData\Local\Programs\Python\Python313\Lib\site-packages\fastapi\routing.py", line 278, in app
    raw_response = await run_endpoint_function(
                   ^^^^^^^^^^^^^^^^^^^^^^^^^^^^
        dependant=dependant, values=values, is_coroutine=is_coroutine
        ^^^^^^^^^^^^^^^^^^^^^^^^^^^^^^^^^^^^^^^^^^^^^^^^^^^^^^^^^^^^^
    )
    ^
  File "C:\Users\minde\AppData\Local\Programs\Python\Python313\Lib\site-packages\fastapi\routing.py", line 191, in run_endpoint_function
    return await dependant.call(**values)
           ^^^^^^^^^^^^^^^^^^^^^^^^^^^^^^
  File "I:\hari-app\garmentflow\backend\app\routes\auth.py", line 112, in login
    if not doc or not verify_password(body.password, doc.get("password_hash", "")):
                      ~~~~~~~~~~~~~~~^^^^^^^^^^^^^^^^^^^^^^^^^^^^^^^^^^^^^^^^^^^^^
  File "I:\hari-app\garmentflow\backend\app\config\security.py", line 31, in verify_password
    return pwd_context.verify(plain_password, hashed_password)
           ~~~~~~~~~~~~~~~~~~^^^^^^^^^^^^^^^^^^^^^^^^^^^^^^^^^
  File "C:\Users\minde\AppData\Local\Programs\Python\Python313\Lib\site-packages\passlib\context.py", line 2343, in verify
    record = self._get_or_identify_record(hash, scheme, category)
  File "C:\Users\minde\AppData\Local\Programs\Python\Python313\Lib\site-packages\passlib\context.py", line 2031, in _get_or_identify_record
    return self._identify_record(hash, category)
           ~~~~~~~~~~~~~~~~~~~~~^^^^^^^^^^^^^^^^
  File "C:\Users\minde\AppData\Local\Programs\Python\Python313\Lib\site-packages\passlib\context.py", line 1132, in identify_record
    raise exc.UnknownHashError("hash could not be identified")
passlib.exc.UnknownHashError: hash could not be identified
2026-06-28 13:26:07 | ERROR    | app.services.report_service:163 | Department performance error: unrecognized option to $unwind stage: preserveNullAndEmpty, full error: {'ok': 0.0, 'errmsg': 'unrecognized option to $unwind stage: preserveNullAndEmpty', 'code': 28811, 'codeName': 'Location28811'}
2026-06-28 13:26:07 | ERROR    | app.middleware.error_handler:53 | Unhandled exception: OperationFailure: unrecognized option to $unwind stage: preserveNullAndEmpty, full error: {'ok': 0.0, 'errmsg': 'unrecognized option to $unwind stage: preserveNullAndEmpty', 'code': 28811, 'codeName': 'Location28811'} | GET /api/reports/department-performance
Traceback (most recent call last):
  File "C:\Users\minde\AppData\Local\Programs\Python\Python313\Lib\site-packages\starlette\middleware\errors.py", line 164, in __call__
    await self.app(scope, receive, _send)
  File "C:\Users\minde\AppData\Local\Programs\Python\Python313\Lib\site-packages\starlette\middleware\cors.py", line 93, in __call__
    await self.simple_response(scope, receive, send, request_headers=headers)
  File "C:\Users\minde\AppData\Local\Programs\Python\Python313\Lib\site-packages\starlette\middleware\cors.py", line 148, in simple_response
    await self.app(scope, receive, send)
  File "C:\Users\minde\AppData\Local\Programs\Python\Python313\Lib\site-packages\starlette\middleware\exceptions.py", line 65, in __call__
    await wrap_app_handling_exceptions(self.app, conn)(scope, receive, send)
  File "C:\Users\minde\AppData\Local\Programs\Python\Python313\Lib\site-packages\starlette\_exception_handler.py", line 64, in wrapped_app
    raise exc
  File "C:\Users\minde\AppData\Local\Programs\Python\Python313\Lib\site-packages\starlette\_exception_handler.py", line 53, in wrapped_app
    await app(scope, receive, sender)
  File "C:\Users\minde\AppData\Local\Programs\Python\Python313\Lib\site-packages\starlette\routing.py", line 756, in __call__
    await self.middleware_stack(scope, receive, send)
  File "C:\Users\minde\AppData\Local\Programs\Python\Python313\Lib\site-packages\starlette\routing.py", line 776, in app
    await route.handle(scope, receive, send)
  File "C:\Users\minde\AppData\Local\Programs\Python\Python313\Lib\site-packages\starlette\routing.py", line 297, in handle
    await self.app(scope, receive, send)
  File "C:\Users\minde\AppData\Local\Programs\Python\Python313\Lib\site-packages\starlette\routing.py", line 77, in app
    await wrap_app_handling_exceptions(app, request)(scope, receive, send)
  File "C:\Users\minde\AppData\Local\Programs\Python\Python313\Lib\site-packages\starlette\_exception_handler.py", line 64, in wrapped_app
    raise exc
  File "C:\Users\minde\AppData\Local\Programs\Python\Python313\Lib\site-packages\starlette\_exception_handler.py", line 53, in wrapped_app
    await app(scope, receive, sender)
  File "C:\Users\minde\AppData\Local\Programs\Python\Python313\Lib\site-packages\starlette\routing.py", line 72, in app
    response = await func(request)
               ^^^^^^^^^^^^^^^^^^^
  File "C:\Users\minde\AppData\Local\Programs\Python\Python313\Lib\site-packages\fastapi\routing.py", line 278, in app
    raw_response = await run_endpoint_function(
                   ^^^^^^^^^^^^^^^^^^^^^^^^^^^^
        dependant=dependant, values=values, is_coroutine=is_coroutine
        ^^^^^^^^^^^^^^^^^^^^^^^^^^^^^^^^^^^^^^^^^^^^^^^^^^^^^^^^^^^^^
    )
    ^
  File "C:\Users\minde\AppData\Local\Programs\Python\Python313\Lib\site-packages\fastapi\routing.py", line 191, in run_endpoint_function
    return await dependant.call(**values)
           ^^^^^^^^^^^^^^^^^^^^^^^^^^^^^^
  File "I:\hari-app\garmentflow\backend\app\routes\reports.py", line 46, in department_performance
    data = await svc.get_department_performance()
           ^^^^^^^^^^^^^^^^^^^^^^^^^^^^^^^^^^^^^^
  File "I:\hari-app\garmentflow\backend\app\services\report_service.py", line 153, in get_department_performance
    results = await self.db.tasks.aggregate(pipeline).to_list(length=20)
              ^^^^^^^^^^^^^^^^^^^^^^^^^^^^^^^^^^^^^^^^^^^^^^^^^^^^^^^^^^
  File "C:\Users\minde\AppData\Local\Programs\Python\Python313\Lib\site-packages\motor\core.py", line 1683, in _to_list
    result = get_more_result.result()
  File "C:\Users\minde\AppData\Local\Programs\Python\Python313\Lib\site-packages\motor\core.py", line 1908, in _on_started
    pymongo_cursor = future.result()
  File "C:\Users\minde\AppData\Local\Programs\Python\Python313\Lib\concurrent\futures\thread.py", line 59, in run
    result = self.fn(*self.args, **self.kwargs)
  File "C:\Users\minde\AppData\Local\Programs\Python\Python313\Lib\site-packages\pymongo\collection.py", line 2696, in aggregate
    return self._aggregate(
           ~~~~~~~~~~~~~~~^
        _CollectionAggregationCommand,
        ^^^^^^^^^^^^^^^^^^^^^^^^^^^^^^
    ...<6 lines>...
        **kwargs,
        ^^^^^^^^^
    )
    ^
  File "C:\Users\minde\AppData\Local\Programs\Python\Python313\Lib\site-packages\pymongo\_csot.py", line 108, in csot_wrapper
    return func(self, *args, **kwargs)
  File "C:\Users\minde\AppData\Local\Programs\Python\Python313\Lib\site-packages\pymongo\collection.py", line 2604, in _aggregate
    return self.__database.client._retryable_read(
           ~~~~~~~~~~~~~~~~~~~~~~~~~~~~~~~~~~~~~~^
        cmd.get_cursor,
        ^^^^^^^^^^^^^^^
    ...<3 lines>...
        operation=_Op.AGGREGATE,
        ^^^^^^^^^^^^^^^^^^^^^^^^
    )
    ^
  File "C:\Users\minde\AppData\Local\Programs\Python\Python313\Lib\site-packages\pymongo\mongo_client.py", line 1534, in _retryable_read
    return self._retry_internal(
           ~~~~~~~~~~~~~~~~~~~~^
        func,
        ^^^^^
    ...<7 lines>...
        operation_id=operation_id,
        ^^^^^^^^^^^^^^^^^^^^^^^^^^
    )
    ^
  File "C:\Users\minde\AppData\Local\Programs\Python\Python313\Lib\site-packages\pymongo\_csot.py", line 108, in csot_wrapper
    return func(self, *args, **kwargs)
  File "C:\Users\minde\AppData\Local\Programs\Python\Python313\Lib\site-packages\pymongo\mongo_client.py", line 1501, in _retry_internal
    ).run()
      ~~~^^
  File "C:\Users\minde\AppData\Local\Programs\Python\Python313\Lib\site-packages\pymongo\mongo_client.py", line 2347, in run
    return self._read() if self._is_read else self._write()
           ~~~~~~~~~~^^
  File "C:\Users\minde\AppData\Local\Programs\Python\Python313\Lib\site-packages\pymongo\mongo_client.py", line 2485, in _read
    return self._func(self._session, self._server, conn, read_pref)  # type: ignore
           ~~~~~~~~~~^^^^^^^^^^^^^^^^^^^^^^^^^^^^^^^^^^^^^^^^^^^^^^
  File "C:\Users\minde\AppData\Local\Programs\Python\Python313\Lib\site-packages\pymongo\aggregation.py", line 162, in get_cursor
    result = conn.command(
        self._database.name,
    ...<9 lines>...
        user_fields=self._user_fields,
    )
  File "C:\Users\minde\AppData\Local\Programs\Python\Python313\Lib\site-packages\pymongo\helpers.py", line 327, in inner
    return func(*args, **kwargs)
  File "C:\Users\minde\AppData\Local\Programs\Python\Python313\Lib\site-packages\pymongo\pool.py", line 985, in command
    return command(
        self,
    ...<20 lines>...
        write_concern=write_concern,
    )
  File "C:\Users\minde\AppData\Local\Programs\Python\Python313\Lib\site-packages\pymongo\network.py", line 212, in command
    helpers._check_command_response(
    ~~~~~~~~~~~~~~~~~~~~~~~~~~~~~~~^
        response_doc,
        ^^^^^^^^^^^^^
    ...<2 lines>...
        parse_write_concern_error=parse_write_concern_error,
        ^^^^^^^^^^^^^^^^^^^^^^^^^^^^^^^^^^^^^^^^^^^^^^^^^^^^
    )
    ^
  File "C:\Users\minde\AppData\Local\Programs\Python\Python313\Lib\site-packages\pymongo\helpers.py", line 233, in _check_command_response
    raise OperationFailure(errmsg, code, response, max_wire_version)
pymongo.errors.OperationFailure: unrecognized option to $unwind stage: preserveNullAndEmpty, full error: {'ok': 0.0, 'errmsg': 'unrecognized option to $unwind stage: preserveNullAndEmpty', 'code': 28811, 'codeName': 'Location28811'}
2026-06-28 13:26:07 | ERROR    | app.services.report_service:192 | Recent activity error: unrecognized option to $unwind stage: preserveNullAndEmpty, full error: {'ok': 0.0, 'errmsg': 'unrecognized option to $unwind stage: preserveNullAndEmpty', 'code': 28811, 'codeName': 'Location28811'}
2026-06-28 13:26:14 | ERROR    | app.services.report_service:163 | Department performance error: unrecognized option to $unwind stage: preserveNullAndEmpty, full error: {'ok': 0.0, 'errmsg': 'unrecognized option to $unwind stage: preserveNullAndEmpty', 'code': 28811, 'codeName': 'Location28811'}
2026-06-28 13:26:14 | ERROR    | app.middleware.error_handler:53 | Unhandled exception: OperationFailure: unrecognized option to $unwind stage: preserveNullAndEmpty, full error: {'ok': 0.0, 'errmsg': 'unrecognized option to $unwind stage: preserveNullAndEmpty', 'code': 28811, 'codeName': 'Location28811'} | GET /api/reports/department-performance
Traceback (most recent call last):
  File "C:\Users\minde\AppData\Local\Programs\Python\Python313\Lib\site-packages\starlette\middleware\errors.py", line 164, in __call__
    await self.app(scope, receive, _send)
  File "C:\Users\minde\AppData\Local\Programs\Python\Python313\Lib\site-packages\starlette\middleware\cors.py", line 93, in __call__
    await self.simple_response(scope, receive, send, request_headers=headers)
  File "C:\Users\minde\AppData\Local\Programs\Python\Python313\Lib\site-packages\starlette\middleware\cors.py", line 148, in simple_response
    await self.app(scope, receive, send)
  File "C:\Users\minde\AppData\Local\Programs\Python\Python313\Lib\site-packages\starlette\middleware\exceptions.py", line 65, in __call__
    await wrap_app_handling_exceptions(self.app, conn)(scope, receive, send)
  File "C:\Users\minde\AppData\Local\Programs\Python\Python313\Lib\site-packages\starlette\_exception_handler.py", line 64, in wrapped_app
    raise exc
  File "C:\Users\minde\AppData\Local\Programs\Python\Python313\Lib\site-packages\starlette\_exception_handler.py", line 53, in wrapped_app
    await app(scope, receive, sender)
  File "C:\Users\minde\AppData\Local\Programs\Python\Python313\Lib\site-packages\starlette\routing.py", line 756, in __call__
    await self.middleware_stack(scope, receive, send)
  File "C:\Users\minde\AppData\Local\Programs\Python\Python313\Lib\site-packages\starlette\routing.py", line 776, in app
    await route.handle(scope, receive, send)
  File "C:\Users\minde\AppData\Local\Programs\Python\Python313\Lib\site-packages\starlette\routing.py", line 297, in handle
    await self.app(scope, receive, send)
  File "C:\Users\minde\AppData\Local\Programs\Python\Python313\Lib\site-packages\starlette\routing.py", line 77, in app
    await wrap_app_handling_exceptions(app, request)(scope, receive, send)
  File "C:\Users\minde\AppData\Local\Programs\Python\Python313\Lib\site-packages\starlette\_exception_handler.py", line 64, in wrapped_app
    raise exc
  File "C:\Users\minde\AppData\Local\Programs\Python\Python313\Lib\site-packages\starlette\_exception_handler.py", line 53, in wrapped_app
    await app(scope, receive, sender)
  File "C:\Users\minde\AppData\Local\Programs\Python\Python313\Lib\site-packages\starlette\routing.py", line 72, in app
    response = await func(request)
               ^^^^^^^^^^^^^^^^^^^
  File "C:\Users\minde\AppData\Local\Programs\Python\Python313\Lib\site-packages\fastapi\routing.py", line 278, in app
    raw_response = await run_endpoint_function(
                   ^^^^^^^^^^^^^^^^^^^^^^^^^^^^
        dependant=dependant, values=values, is_coroutine=is_coroutine
        ^^^^^^^^^^^^^^^^^^^^^^^^^^^^^^^^^^^^^^^^^^^^^^^^^^^^^^^^^^^^^
    )
    ^
  File "C:\Users\minde\AppData\Local\Programs\Python\Python313\Lib\site-packages\fastapi\routing.py", line 191, in run_endpoint_function
    return await dependant.call(**values)
           ^^^^^^^^^^^^^^^^^^^^^^^^^^^^^^
  File "I:\hari-app\garmentflow\backend\app\routes\reports.py", line 46, in department_performance
    data = await svc.get_department_performance()
           ^^^^^^^^^^^^^^^^^^^^^^^^^^^^^^^^^^^^^^
  File "I:\hari-app\garmentflow\backend\app\services\report_service.py", line 153, in get_department_performance
    results = await self.db.tasks.aggregate(pipeline).to_list(length=20)
              ^^^^^^^^^^^^^^^^^^^^^^^^^^^^^^^^^^^^^^^^^^^^^^^^^^^^^^^^^^
  File "C:\Users\minde\AppData\Local\Programs\Python\Python313\Lib\site-packages\motor\core.py", line 1683, in _to_list
    result = get_more_result.result()
  File "C:\Users\minde\AppData\Local\Programs\Python\Python313\Lib\site-packages\motor\core.py", line 1908, in _on_started
    pymongo_cursor = future.result()
  File "C:\Users\minde\AppData\Local\Programs\Python\Python313\Lib\concurrent\futures\thread.py", line 59, in run
    result = self.fn(*self.args, **self.kwargs)
  File "C:\Users\minde\AppData\Local\Programs\Python\Python313\Lib\site-packages\pymongo\collection.py", line 2696, in aggregate
    return self._aggregate(
           ~~~~~~~~~~~~~~~^
        _CollectionAggregationCommand,
        ^^^^^^^^^^^^^^^^^^^^^^^^^^^^^^
    ...<6 lines>...
        **kwargs,
        ^^^^^^^^^
    )
    ^
  File "C:\Users\minde\AppData\Local\Programs\Python\Python313\Lib\site-packages\pymongo\_csot.py", line 108, in csot_wrapper
    return func(self, *args, **kwargs)
  File "C:\Users\minde\AppData\Local\Programs\Python\Python313\Lib\site-packages\pymongo\collection.py", line 2604, in _aggregate
    return self.__database.client._retryable_read(
           ~~~~~~~~~~~~~~~~~~~~~~~~~~~~~~~~~~~~~~^
        cmd.get_cursor,
        ^^^^^^^^^^^^^^^
    ...<3 lines>...
        operation=_Op.AGGREGATE,
        ^^^^^^^^^^^^^^^^^^^^^^^^
    )
    ^
  File "C:\Users\minde\AppData\Local\Programs\Python\Python313\Lib\site-packages\pymongo\mongo_client.py", line 1534, in _retryable_read
    return self._retry_internal(
           ~~~~~~~~~~~~~~~~~~~~^
        func,
        ^^^^^
    ...<7 lines>...
        operation_id=operation_id,
        ^^^^^^^^^^^^^^^^^^^^^^^^^^
    )
    ^
  File "C:\Users\minde\AppData\Local\Programs\Python\Python313\Lib\site-packages\pymongo\_csot.py", line 108, in csot_wrapper
    return func(self, *args, **kwargs)
  File "C:\Users\minde\AppData\Local\Programs\Python\Python313\Lib\site-packages\pymongo\mongo_client.py", line 1501, in _retry_internal
    ).run()
      ~~~^^
  File "C:\Users\minde\AppData\Local\Programs\Python\Python313\Lib\site-packages\pymongo\mongo_client.py", line 2347, in run
    return self._read() if self._is_read else self._write()
           ~~~~~~~~~~^^
  File "C:\Users\minde\AppData\Local\Programs\Python\Python313\Lib\site-packages\pymongo\mongo_client.py", line 2485, in _read
    return self._func(self._session, self._server, conn, read_pref)  # type: ignore
           ~~~~~~~~~~^^^^^^^^^^^^^^^^^^^^^^^^^^^^^^^^^^^^^^^^^^^^^^
  File "C:\Users\minde\AppData\Local\Programs\Python\Python313\Lib\site-packages\pymongo\aggregation.py", line 162, in get_cursor
    result = conn.command(
        self._database.name,
    ...<9 lines>...
        user_fields=self._user_fields,
    )
  File "C:\Users\minde\AppData\Local\Programs\Python\Python313\Lib\site-packages\pymongo\helpers.py", line 327, in inner
    return func(*args, **kwargs)
  File "C:\Users\minde\AppData\Local\Programs\Python\Python313\Lib\site-packages\pymongo\pool.py", line 985, in command
    return command(
        self,
    ...<20 lines>...
        write_concern=write_concern,
    )
  File "C:\Users\minde\AppData\Local\Programs\Python\Python313\Lib\site-packages\pymongo\network.py", line 212, in command
    helpers._check_command_response(
    ~~~~~~~~~~~~~~~~~~~~~~~~~~~~~~~^
        response_doc,
        ^^^^^^^^^^^^^
    ...<2 lines>...
        parse_write_concern_error=parse_write_concern_error,
        ^^^^^^^^^^^^^^^^^^^^^^^^^^^^^^^^^^^^^^^^^^^^^^^^^^^^
    )
    ^
  File "C:\Users\minde\AppData\Local\Programs\Python\Python313\Lib\site-packages\pymongo\helpers.py", line 233, in _check_command_response
    raise OperationFailure(errmsg, code, response, max_wire_version)
pymongo.errors.OperationFailure: unrecognized option to $unwind stage: preserveNullAndEmpty, full error: {'ok': 0.0, 'errmsg': 'unrecognized option to $unwind stage: preserveNullAndEmpty', 'code': 28811, 'codeName': 'Location28811'}
2026-06-28 13:26:14 | ERROR    | app.services.report_service:192 | Recent activity error: unrecognized option to $unwind stage: preserveNullAndEmpty, full error: {'ok': 0.0, 'errmsg': 'unrecognized option to $unwind stage: preserveNullAndEmpty', 'code': 28811, 'codeName': 'Location28811'}
