2026-06-28 13:17:36 | INFO     | app.main:68 | Starting GarmentFlow ERP v1.0.0
2026-06-28 13:17:36 | INFO     | app.config.database:33 | Connected to MongoDB: garmentflow
2026-06-28 13:17:36 | INFO     | app.config.database:93 | Database indexes created successfully
2026-06-28 13:17:36 | INFO     | app.main:73 | Upload directory ready: uploads
2026-06-28 13:18:34 | INFO     | app.main:77 | Shutting down GarmentFlow ERP...
2026-06-28 13:18:34 | INFO     | app.config.database:48 | Disconnected from MongoDB
2026-06-28 13:18:39 | INFO     | app.main:68 | Starting GarmentFlow ERP v1.0.0
2026-06-28 13:18:39 | INFO     | app.config.database:33 | Connected to MongoDB: garmentflow
2026-06-28 13:18:39 | INFO     | app.config.database:93 | Database indexes created successfully
2026-06-28 13:18:39 | INFO     | app.main:73 | Upload directory ready: uploads
2026-06-28 13:18:44 | WARNING  | app.middleware.error_handler:17 | HTTP 404: Not Found | GET /favicon.ico
2026-06-28 13:18:59 | ERROR    | app.middleware.error_handler:53 | Unhandled exception: UnknownHashError: hash could not be identified | POST /api/auth/login
Traceback (most recent call last):
  File "C:\Users\minde\AppData\Local\Programs\Python\Python313\Lib\site-packages\starlette\middleware\errors.py", line 164, in __call__
    await self.app(scope, receive, _send)
  File "C:\Users\minde\AppData\Local\Programs\Python\Python313\Lib\site-packages\starlette\middleware\cors.py", line 93, in __call__
    await self.simple_response(scope, receive, send, request_headers=headers)
  File "C:\Users\minde\AppData\Local\Programs\Python\Python313\Lib\site-packages\starlette\middleware\cors.py", line 148, in simple_response
    await self.app(scope, receive, send)
  File "C:\Users\minde\AppData\Local\Programs\Python\Python313\Lib\site-packages\starlette\middleware\exceptions.py", line 65, in __call__
    await wrap_app_handling_exceptions(self.app, conn)(scope, receive, send)
  File "C:\Users\minde\AppData\Local\Programs\Python\Python313\Lib\site-packages\starlette\_exception_handler.py", line 64, in wrapped_app
    raise exc
  File "C:\Users\minde\AppData\Local\Programs\Python\Python313\Lib\site-packages\starlette\_exception_handler.py", line 53, in wrapped_app
    await app(scope, receive, sender)
  File "C:\Users\minde\AppData\Local\Programs\Python\Python313\Lib\site-packages\starlette\routing.py", line 756, in __call__
    await self.middleware_stack(scope, receive, send)
  File "C:\Users\minde\AppData\Local\Programs\Python\Python313\Lib\site-packages\starlette\routing.py", line 776, in app
    await route.handle(scope, receive, send)
  File "C:\Users\minde\AppData\Local\Programs\Python\Python313\Lib\site-packages\starlette\routing.py", line 297, in handle
    await self.app(scope, receive, send)
  File "C:\Users\minde\AppData\Local\Programs\Python\Python313\Lib\site-packages\starlette\routing.py", line 77, in app
    await wrap_app_handling_exceptions(app, request)(scope, receive, send)
  File "C:\Users\minde\AppData\Local\Programs\Python\Python313\Lib\site-packages\starlette\_exception_handler.py", line 64, in wrapped_app
    raise exc
  File "C:\Users\minde\AppData\Local\Programs\Python\Python313\Lib\site-packages\starlette\_exception_handler.py", line 53, in wrapped_app
    await app(scope, receive, sender)
  File "C:\Users\minde\AppData\Local\Programs\Python\Python313\Lib\site-packages\starlette\routing.py", line 72, in app
    response = await func(request)
               ^^^^^^^^^^^^^^^^^^^
  File "C:\Users\minde\AppData\Local\Programs\Python\Python313\Lib\site-packages\fastapi\routing.py", line 278, in app
    raw_response = await run_endpoint_function(
                   ^^^^^^^^^^^^^^^^^^^^^^^^^^^^
        dependant=dependant, values=values, is_coroutine=is_coroutine
        ^^^^^^^^^^^^^^^^^^^^^^^^^^^^^^^^^^^^^^^^^^^^^^^^^^^^^^^^^^^^^
    )
    ^
  File "C:\Users\minde\AppData\Local\Programs\Python\Python313\Lib\site-packages\fastapi\routing.py", line 191, in run_endpoint_function
    return await dependant.call(**values)
           ^^^^^^^^^^^^^^^^^^^^^^^^^^^^^^
  File "I:\hari-app\garmentflow\backend\app\routes\auth.py", line 112, in login
    if not doc or not verify_password(body.password, doc.get("password_hash", "")):
                      ~~~~~~~~~~~~~~~^^^^^^^^^^^^^^^^^^^^^^^^^^^^^^^^^^^^^^^^^^^^^
  File "I:\hari-app\garmentflow\backend\app\config\security.py", line 31, in verify_password
    return pwd_context.verify(plain_password, hashed_password)
           ~~~~~~~~~~~~~~~~~~^^^^^^^^^^^^^^^^^^^^^^^^^^^^^^^^^
  File "C:\Users\minde\AppData\Local\Programs\Python\Python313\Lib\site-packages\passlib\context.py", line 2343, in verify
    record = self._get_or_identify_record(hash, scheme, category)
  File "C:\Users\minde\AppData\Local\Programs\Python\Python313\Lib\site-packages\passlib\context.py", line 2031, in _get_or_identify_record
    return self._identify_record(hash, category)
           ~~~~~~~~~~~~~~~~~~~~~^^^^^^^^^^^^^^^^
  File "C:\Users\minde\AppData\Local\Programs\Python\Python313\Lib\site-packages\passlib\context.py", line 1132, in identify_record
    raise exc.UnknownHashError("hash could not be identified")
passlib.exc.UnknownHashError: hash could not be identified
2026-06-28 13:19:01 | ERROR    | app.middleware.error_handler:53 | Unhandled exception: UnknownHashError: hash could not be identified | POST /api/auth/login
Traceback (most recent call last):
  File "C:\Users\minde\AppData\Local\Programs\Python\Python313\Lib\site-packages\starlette\middleware\errors.py", line 164, in __call__
    await self.app(scope, receive, _send)
  File "C:\Users\minde\AppData\Local\Programs\Python\Python313\Lib\site-packages\starlette\middleware\cors.py", line 93, in __call__
    await self.simple_response(scope, receive, send, request_headers=headers)
  File "C:\Users\minde\AppData\Local\Programs\Python\Python313\Lib\site-packages\starlette\middleware\cors.py", line 148, in simple_response
    await self.app(scope, receive, send)
  File "C:\Users\minde\AppData\Local\Programs\Python\Python313\Lib\site-packages\starlette\middleware\exceptions.py", line 65, in __call__
    await wrap_app_handling_exceptions(self.app, conn)(scope, receive, send)
  File "C:\Users\minde\AppData\Local\Programs\Python\Python313\Lib\site-packages\starlette\_exception_handler.py", line 64, in wrapped_app
    raise exc
  File "C:\Users\minde\AppData\Local\Programs\Python\Python313\Lib\site-packages\starlette\_exception_handler.py", line 53, in wrapped_app
    await app(scope, receive, sender)
  File "C:\Users\minde\AppData\Local\Programs\Python\Python313\Lib\site-packages\starlette\routing.py", line 756, in __call__
    await self.middleware_stack(scope, receive, send)
  File "C:\Users\minde\AppData\Local\Programs\Python\Python313\Lib\site-packages\starlette\routing.py", line 776, in app
    await route.handle(scope, receive, send)
  File "C:\Users\minde\AppData\Local\Programs\Python\Python313\Lib\site-packages\starlette\routing.py", line 297, in handle
    await self.app(scope, receive, send)
  File "C:\Users\minde\AppData\Local\Programs\Python\Python313\Lib\site-packages\starlette\routing.py", line 77, in app
    await wrap_app_handling_exceptions(app, request)(scope, receive, send)
  File "C:\Users\minde\AppData\Local\Programs\Python\Python313\Lib\site-packages\starlette\_exception_handler.py", line 64, in wrapped_app
    raise exc
  File "C:\Users\minde\AppData\Local\Programs\Python\Python313\Lib\site-packages\starlette\_exception_handler.py", line 53, in wrapped_app
    await app(scope, receive, sender)
  File "C:\Users\minde\AppData\Local\Programs\Python\Python313\Lib\site-packages\starlette\routing.py", line 72, in app
    response = await func(request)
               ^^^^^^^^^^^^^^^^^^^
  File "C:\Users\minde\AppData\Local\Programs\Python\Python313\Lib\site-packages\fastapi\routing.py", line 278, in app
    raw_response = await run_endpoint_function(
                   ^^^^^^^^^^^^^^^^^^^^^^^^^^^^
        dependant=dependant, values=values, is_coroutine=is_coroutine
        ^^^^^^^^^^^^^^^^^^^^^^^^^^^^^^^^^^^^^^^^^^^^^^^^^^^^^^^^^^^^^
    )
    ^
  File "C:\Users\minde\AppData\Local\Programs\Python\Python313\Lib\site-packages\fastapi\routing.py", line 191, in run_endpoint_function
    return await dependant.call(**values)
           ^^^^^^^^^^^^^^^^^^^^^^^^^^^^^^
  File "I:\hari-app\garmentflow\backend\app\routes\auth.py", line 112, in login
    if not doc or not verify_password(body.password, doc.get("password_hash", "")):
                      ~~~~~~~~~~~~~~~^^^^^^^^^^^^^^^^^^^^^^^^^^^^^^^^^^^^^^^^^^^^^
  File "I:\hari-app\garmentflow\backend\app\config\security.py", line 31, in verify_password
    return pwd_context.verify(plain_password, hashed_password)
           ~~~~~~~~~~~~~~~~~~^^^^^^^^^^^^^^^^^^^^^^^^^^^^^^^^^
  File "C:\Users\minde\AppData\Local\Programs\Python\Python313\Lib\site-packages\passlib\context.py", line 2343, in verify
    record = self._get_or_identify_record(hash, scheme, category)
  File "C:\Users\minde\AppData\Local\Programs\Python\Python313\Lib\site-packages\passlib\context.py", line 2031, in _get_or_identify_record
    return self._identify_record(hash, category)
           ~~~~~~~~~~~~~~~~~~~~~^^^^^^^^^^^^^^^^
  File "C:\Users\minde\AppData\Local\Programs\Python\Python313\Lib\site-packages\passlib\context.py", line 1132, in identify_record
    raise exc.UnknownHashError("hash could not be identified")
passlib.exc.UnknownHashError: hash could not be identified
2026-06-28 13:19:59 | ERROR    | app.middleware.error_handler:53 | Unhandled exception: UnknownHashError: hash could not be identified | POST /api/auth/login
Traceback (most recent call last):
  File "C:\Users\minde\AppData\Local\Programs\Python\Python313\Lib\site-packages\starlette\middleware\errors.py", line 164, in __call__
    await self.app(scope, receive, _send)
  File "C:\Users\minde\AppData\Local\Programs\Python\Python313\Lib\site-packages\starlette\middleware\cors.py", line 93, in __call__
    await self.simple_response(scope, receive, send, request_headers=headers)
  File "C:\Users\minde\AppData\Local\Programs\Python\Python313\Lib\site-packages\starlette\middleware\cors.py", line 148, in simple_response
    await self.app(scope, receive, send)
  File "C:\Users\minde\AppData\Local\Programs\Python\Python313\Lib\site-packages\starlette\middleware\exceptions.py", line 65, in __call__
    await wrap_app_handling_exceptions(self.app, conn)(scope, receive, send)
  File "C:\Users\minde\AppData\Local\Programs\Python\Python313\Lib\site-packages\starlette\_exception_handler.py", line 64, in wrapped_app
    raise exc
  File "C:\Users\minde\AppData\Local\Programs\Python\Python313\Lib\site-packages\starlette\_exception_handler.py", line 53, in wrapped_app
    await app(scope, receive, sender)
  File "C:\Users\minde\AppData\Local\Programs\Python\Python313\Lib\site-packages\starlette\routing.py", line 756, in __call__
    await self.middleware_stack(scope, receive, send)
  File "C:\Users\minde\AppData\Local\Programs\Python\Python313\Lib\site-packages\starlette\routing.py", line 776, in app
    await route.handle(scope, receive, send)
  File "C:\Users\minde\AppData\Local\Programs\Python\Python313\Lib\site-packages\starlette\routing.py", line 297, in handle
    await self.app(scope, receive, send)
  File "C:\Users\minde\AppData\Local\Programs\Python\Python313\Lib\site-packages\starlette\routing.py", line 77, in app
    await wrap_app_handling_exceptions(app, request)(scope, receive, send)
  File "C:\Users\minde\AppData\Local\Programs\Python\Python313\Lib\site-packages\starlette\_exception_handler.py", line 64, in wrapped_app
    raise exc
  File "C:\Users\minde\AppData\Local\Programs\Python\Python313\Lib\site-packages\starlette\_exception_handler.py", line 53, in wrapped_app
    await app(scope, receive, sender)
  File "C:\Users\minde\AppData\Local\Programs\Python\Python313\Lib\site-packages\starlette\routing.py", line 72, in app
    response = await func(request)
               ^^^^^^^^^^^^^^^^^^^
  File "C:\Users\minde\AppData\Local\Programs\Python\Python313\Lib\site-packages\fastapi\routing.py", line 278, in app
    raw_response = await run_endpoint_function(
                   ^^^^^^^^^^^^^^^^^^^^^^^^^^^^
        dependant=dependant, values=values, is_coroutine=is_coroutine
        ^^^^^^^^^^^^^^^^^^^^^^^^^^^^^^^^^^^^^^^^^^^^^^^^^^^^^^^^^^^^^
    )
    ^
  File "C:\Users\minde\AppData\Local\Programs\Python\Python313\Lib\site-packages\fastapi\routing.py", line 191, in run_endpoint_function
    return await dependant.call(**values)
           ^^^^^^^^^^^^^^^^^^^^^^^^^^^^^^
  File "I:\hari-app\garmentflow\backend\app\routes\auth.py", line 112, in login
    if not doc or not verify_password(body.password, doc.get("password_hash", "")):
                      ~~~~~~~~~~~~~~~^^^^^^^^^^^^^^^^^^^^^^^^^^^^^^^^^^^^^^^^^^^^^
  File "I:\hari-app\garmentflow\backend\app\config\security.py", line 31, in verify_password
    return pwd_context.verify(plain_password, hashed_password)
           ~~~~~~~~~~~~~~~~~~^^^^^^^^^^^^^^^^^^^^^^^^^^^^^^^^^
  File "C:\Users\minde\AppData\Local\Programs\Python\Python313\Lib\site-packages\passlib\context.py", line 2343, in verify
    record = self._get_or_identify_record(hash, scheme, category)
  File "C:\Users\minde\AppData\Local\Programs\Python\Python313\Lib\site-packages\passlib\context.py", line 2031, in _get_or_identify_record
    return self._identify_record(hash, category)
           ~~~~~~~~~~~~~~~~~~~~~^^^^^^^^^^^^^^^^
  File "C:\Users\minde\AppData\Local\Programs\Python\Python313\Lib\site-packages\passlib\context.py", line 1132, in identify_record
    raise exc.UnknownHashError("hash could not be identified")
passlib.exc.UnknownHashError: hash could not be identified
2026-06-28 13:20:00 | ERROR    | app.middleware.error_handler:53 | Unhandled exception: UnknownHashError: hash could not be identified | POST /api/auth/login
Traceback (most recent call last):
  File "C:\Users\minde\AppData\Local\Programs\Python\Python313\Lib\site-packages\starlette\middleware\errors.py", line 164, in __call__
    await self.app(scope, receive, _send)
  File "C:\Users\minde\AppData\Local\Programs\Python\Python313\Lib\site-packages\starlette\middleware\cors.py", line 93, in __call__
    await self.simple_response(scope, receive, send, request_headers=headers)
  File "C:\Users\minde\AppData\Local\Programs\Python\Python313\Lib\site-packages\starlette\middleware\cors.py", line 148, in simple_response
    await self.app(scope, receive, send)
  File "C:\Users\minde\AppData\Local\Programs\Python\Python313\Lib\site-packages\starlette\middleware\exceptions.py", line 65, in __call__
    await wrap_app_handling_exceptions(self.app, conn)(scope, receive, send)
  File "C:\Users\minde\AppData\Local\Programs\Python\Python313\Lib\site-packages\starlette\_exception_handler.py", line 64, in wrapped_app
    raise exc
  File "C:\Users\minde\AppData\Local\Programs\Python\Python313\Lib\site-packages\starlette\_exception_handler.py", line 53, in wrapped_app
    await app(scope, receive, sender)
  File "C:\Users\minde\AppData\Local\Programs\Python\Python313\Lib\site-packages\starlette\routing.py", line 756, in __call__
    await self.middleware_stack(scope, receive, send)
  File "C:\Users\minde\AppData\Local\Programs\Python\Python313\Lib\site-packages\starlette\routing.py", line 776, in app
    await route.handle(scope, receive, send)
  File "C:\Users\minde\AppData\Local\Programs\Python\Python313\Lib\site-packages\starlette\routing.py", line 297, in handle
    await self.app(scope, receive, send)
  File "C:\Users\minde\AppData\Local\Programs\Python\Python313\Lib\site-packages\starlette\routing.py", line 77, in app
    await wrap_app_handling_exceptions(app, request)(scope, receive, send)
  File "C:\Users\minde\AppData\Local\Programs\Python\Python313\Lib\site-packages\starlette\_exception_handler.py", line 64, in wrapped_app
    raise exc
  File "C:\Users\minde\AppData\Local\Programs\Python\Python313\Lib\site-packages\starlette\_exception_handler.py", line 53, in wrapped_app
    await app(scope, receive, sender)
  File "C:\Users\minde\AppData\Local\Programs\Python\Python313\Lib\site-packages\starlette\routing.py", line 72, in app
    response = await func(request)
               ^^^^^^^^^^^^^^^^^^^
  File "C:\Users\minde\AppData\Local\Programs\Python\Python313\Lib\site-packages\fastapi\routing.py", line 278, in app
    raw_response = await run_endpoint_function(
                   ^^^^^^^^^^^^^^^^^^^^^^^^^^^^
        dependant=dependant, values=values, is_coroutine=is_coroutine
        ^^^^^^^^^^^^^^^^^^^^^^^^^^^^^^^^^^^^^^^^^^^^^^^^^^^^^^^^^^^^^
    )
    ^
  File "C:\Users\minde\AppData\Local\Programs\Python\Python313\Lib\site-packages\fastapi\routing.py", line 191, in run_endpoint_function
    return await dependant.call(**values)
           ^^^^^^^^^^^^^^^^^^^^^^^^^^^^^^
  File "I:\hari-app\garmentflow\backend\app\routes\auth.py", line 112, in login
    if not doc or not verify_password(body.password, doc.get("password_hash", "")):
                      ~~~~~~~~~~~~~~~^^^^^^^^^^^^^^^^^^^^^^^^^^^^^^^^^^^^^^^^^^^^^
  File "I:\hari-app\garmentflow\backend\app\config\security.py", line 31, in verify_password
    return pwd_context.verify(plain_password, hashed_password)
           ~~~~~~~~~~~~~~~~~~^^^^^^^^^^^^^^^^^^^^^^^^^^^^^^^^^
  File "C:\Users\minde\AppData\Local\Programs\Python\Python313\Lib\site-packages\passlib\context.py", line 2343, in verify
    record = self._get_or_identify_record(hash, scheme, category)
  File "C:\Users\minde\AppData\Local\Programs\Python\Python313\Lib\site-packages\passlib\context.py", line 2031, in _get_or_identify_record
    return self._identify_record(hash, category)
           ~~~~~~~~~~~~~~~~~~~~~^^^^^^^^^^^^^^^^
  File "C:\Users\minde\AppData\Local\Programs\Python\Python313\Lib\site-packages\passlib\context.py", line 1132, in identify_record
    raise exc.UnknownHashError("hash could not be identified")
passlib.exc.UnknownHashError: hash could not be identified
2026-06-28 13:20:19 | ERROR    | app.middleware.error_handler:53 | Unhandled exception: UnknownHashError: hash could not be identified | POST /api/auth/login
Traceback (most recent call last):
  File "C:\Users\minde\AppData\Local\Programs\Python\Python313\Lib\site-packages\starlette\middleware\errors.py", line 164, in __call__
    await self.app(scope, receive, _send)
  File "C:\Users\minde\AppData\Local\Programs\Python\Python313\Lib\site-packages\starlette\middleware\cors.py", line 93, in __call__
    await self.simple_response(scope, receive, send, request_headers=headers)
  File "C:\Users\minde\AppData\Local\Programs\Python\Python313\Lib\site-packages\starlette\middleware\cors.py", line 148, in simple_response
    await self.app(scope, receive, send)
  File "C:\Users\minde\AppData\Local\Programs\Python\Python313\Lib\site-packages\starlette\middleware\exceptions.py", line 65, in __call__
    await wrap_app_handling_exceptions(self.app, conn)(scope, receive, send)
  File "C:\Users\minde\AppData\Local\Programs\Python\Python313\Lib\site-packages\starlette\_exception_handler.py", line 64, in wrapped_app
    raise exc
  File "C:\Users\minde\AppData\Local\Programs\Python\Python313\Lib\site-packages\starlette\_exception_handler.py", line 53, in wrapped_app
    await app(scope, receive, sender)
  File "C:\Users\minde\AppData\Local\Programs\Python\Python313\Lib\site-packages\starlette\routing.py", line 756, in __call__
    await self.middleware_stack(scope, receive, send)
  File "C:\Users\minde\AppData\Local\Programs\Python\Python313\Lib\site-packages\starlette\routing.py", line 776, in app
    await route.handle(scope, receive, send)
  File "C:\Users\minde\AppData\Local\Programs\Python\Python313\Lib\site-packages\starlette\routing.py", line 297, in handle
    await self.app(scope, receive, send)
  File "C:\Users\minde\AppData\Local\Programs\Python\Python313\Lib\site-packages\starlette\routing.py", line 77, in app
    await wrap_app_handling_exceptions(app, request)(scope, receive, send)
  File "C:\Users\minde\AppData\Local\Programs\Python\Python313\Lib\site-packages\starlette\_exception_handler.py", line 64, in wrapped_app
    raise exc
  File "C:\Users\minde\AppData\Local\Programs\Python\Python313\Lib\site-packages\starlette\_exception_handler.py", line 53, in wrapped_app
    await app(scope, receive, sender)
  File "C:\Users\minde\AppData\Local\Programs\Python\Python313\Lib\site-packages\starlette\routing.py", line 72, in app
    response = await func(request)
               ^^^^^^^^^^^^^^^^^^^
  File "C:\Users\minde\AppData\Local\Programs\Python\Python313\Lib\site-packages\fastapi\routing.py", line 278, in app
    raw_response = await run_endpoint_function(
                   ^^^^^^^^^^^^^^^^^^^^^^^^^^^^
        dependant=dependant, values=values, is_coroutine=is_coroutine
        ^^^^^^^^^^^^^^^^^^^^^^^^^^^^^^^^^^^^^^^^^^^^^^^^^^^^^^^^^^^^^
    )
    ^
  File "C:\Users\minde\AppData\Local\Programs\Python\Python313\Lib\site-packages\fastapi\routing.py", line 191, in run_endpoint_function
    return await dependant.call(**values)
           ^^^^^^^^^^^^^^^^^^^^^^^^^^^^^^
  File "I:\hari-app\garmentflow\backend\app\routes\auth.py", line 112, in login
    if not doc or not verify_password(body.password, doc.get("password_hash", "")):
                      ~~~~~~~~~~~~~~~^^^^^^^^^^^^^^^^^^^^^^^^^^^^^^^^^^^^^^^^^^^^^
  File "I:\hari-app\garmentflow\backend\app\config\security.py", line 31, in verify_password
    return pwd_context.verify(plain_password, hashed_password)
           ~~~~~~~~~~~~~~~~~~^^^^^^^^^^^^^^^^^^^^^^^^^^^^^^^^^
  File "C:\Users\minde\AppData\Local\Programs\Python\Python313\Lib\site-packages\passlib\context.py", line 2343, in verify
    record = self._get_or_identify_record(hash, scheme, category)
  File "C:\Users\minde\AppData\Local\Programs\Python\Python313\Lib\site-packages\passlib\context.py", line 2031, in _get_or_identify_record
    return self._identify_record(hash, category)
           ~~~~~~~~~~~~~~~~~~~~~^^^^^^^^^^^^^^^^
  File "C:\Users\minde\AppData\Local\Programs\Python\Python313\Lib\site-packages\passlib\context.py", line 1132, in identify_record
    raise exc.UnknownHashError("hash could not be identified")
passlib.exc.UnknownHashError: hash could not be identified
2026-06-28 13:23:38 | INFO     | app.main:77 | Shutting down GarmentFlow ERP...
2026-06-28 13:23:38 | INFO     | app.config.database:48 | Disconnected from MongoDB
2026-06-28 13:23:40 | INFO     | app.main:68 | Starting GarmentFlow ERP v1.0.0
2026-06-28 13:23:40 | INFO     | app.config.database:33 | Connected to MongoDB: garmentflow
2026-06-28 13:23:40 | INFO     | app.config.database:93 | Database indexes created successfully
2026-06-28 13:23:40 | INFO     | app.main:73 | Upload directory ready: uploads
2026-06-28 13:23:40 | INFO     | app.main:77 | Shutting down GarmentFlow ERP...
2026-06-28 13:23:40 | INFO     | app.config.database:48 | Disconnected from MongoDB
2026-06-28 13:23:42 | INFO     | app.main:68 | Starting GarmentFlow ERP v1.0.0
2026-06-28 13:23:42 | INFO     | app.config.database:33 | Connected to MongoDB: garmentflow
2026-06-28 13:23:42 | INFO     | app.config.database:93 | Database indexes created successfully
2026-06-28 13:23:42 | INFO     | app.main:73 | Upload directory ready: uploads
2026-06-28 13:23:54 | WARNING  | app.middleware.error_handler:17 | HTTP 401: Invalid email or password | POST /api/auth/login
2026-06-28 13:24:30 | WARNING  | app.middleware.error_handler:17 | HTTP 401: Invalid email or password | POST /api/auth/login
2026-06-28 13:25:37 | INFO     | app.routes.auth:137 | User logged in: admin@garmentflow.com
2026-06-28 13:25:37 | INFO     | app.main:77 | Shutting down GarmentFlow ERP...
2026-06-28 13:25:37 | INFO     | app.config.database:48 | Disconnected from MongoDB
2026-06-28 13:25:38 | INFO     | app.main:68 | Starting GarmentFlow ERP v1.0.0
2026-06-28 13:25:38 | INFO     | app.config.database:33 | Connected to MongoDB: garmentflow
2026-06-28 13:25:39 | INFO     | app.config.database:93 | Database indexes created successfully
2026-06-28 13:25:39 | INFO     | app.main:73 | Upload directory ready: uploads
2026-06-28 13:26:05 | INFO     | app.routes.auth:137 | User logged in: admin@garmentflow.com
2026-06-28 13:26:07 | ERROR    | app.services.report_service:163 | Department performance error: unrecognized option to $unwind stage: preserveNullAndEmpty, full error: {'ok': 0.0, 'errmsg': 'unrecognized option to $unwind stage: preserveNullAndEmpty', 'code': 28811, 'codeName': 'Location28811'}
2026-06-28 13:26:07 | ERROR    | app.middleware.error_handler:53 | Unhandled exception: OperationFailure: unrecognized option to $unwind stage: preserveNullAndEmpty, full error: {'ok': 0.0, 'errmsg': 'unrecognized option to $unwind stage: preserveNullAndEmpty', 'code': 28811, 'codeName': 'Location28811'} | GET /api/reports/department-performance
Traceback (most recent call last):
  File "C:\Users\minde\AppData\Local\Programs\Python\Python313\Lib\site-packages\starlette\middleware\errors.py", line 164, in __call__
    await self.app(scope, receive, _send)
  File "C:\Users\minde\AppData\Local\Programs\Python\Python313\Lib\site-packages\starlette\middleware\cors.py", line 93, in __call__
    await self.simple_response(scope, receive, send, request_headers=headers)
  File "C:\Users\minde\AppData\Local\Programs\Python\Python313\Lib\site-packages\starlette\middleware\cors.py", line 148, in simple_response
    await self.app(scope, receive, send)
  File "C:\Users\minde\AppData\Local\Programs\Python\Python313\Lib\site-packages\starlette\middleware\exceptions.py", line 65, in __call__
    await wrap_app_handling_exceptions(self.app, conn)(scope, receive, send)
  File "C:\Users\minde\AppData\Local\Programs\Python\Python313\Lib\site-packages\starlette\_exception_handler.py", line 64, in wrapped_app
    raise exc
  File "C:\Users\minde\AppData\Local\Programs\Python\Python313\Lib\site-packages\starlette\_exception_handler.py", line 53, in wrapped_app
    await app(scope, receive, sender)
  File "C:\Users\minde\AppData\Local\Programs\Python\Python313\Lib\site-packages\starlette\routing.py", line 756, in __call__
    await self.middleware_stack(scope, receive, send)
  File "C:\Users\minde\AppData\Local\Programs\Python\Python313\Lib\site-packages\starlette\routing.py", line 776, in app
    await route.handle(scope, receive, send)
  File "C:\Users\minde\AppData\Local\Programs\Python\Python313\Lib\site-packages\starlette\routing.py", line 297, in handle
    await self.app(scope, receive, send)
  File "C:\Users\minde\AppData\Local\Programs\Python\Python313\Lib\site-packages\starlette\routing.py", line 77, in app
    await wrap_app_handling_exceptions(app, request)(scope, receive, send)
  File "C:\Users\minde\AppData\Local\Programs\Python\Python313\Lib\site-packages\starlette\_exception_handler.py", line 64, in wrapped_app
    raise exc
  File "C:\Users\minde\AppData\Local\Programs\Python\Python313\Lib\site-packages\starlette\_exception_handler.py", line 53, in wrapped_app
    await app(scope, receive, sender)
  File "C:\Users\minde\AppData\Local\Programs\Python\Python313\Lib\site-packages\starlette\routing.py", line 72, in app
    response = await func(request)
               ^^^^^^^^^^^^^^^^^^^
  File "C:\Users\minde\AppData\Local\Programs\Python\Python313\Lib\site-packages\fastapi\routing.py", line 278, in app
    raw_response = await run_endpoint_function(
                   ^^^^^^^^^^^^^^^^^^^^^^^^^^^^
        dependant=dependant, values=values, is_coroutine=is_coroutine
        ^^^^^^^^^^^^^^^^^^^^^^^^^^^^^^^^^^^^^^^^^^^^^^^^^^^^^^^^^^^^^
    )
    ^
  File "C:\Users\minde\AppData\Local\Programs\Python\Python313\Lib\site-packages\fastapi\routing.py", line 191, in run_endpoint_function
    return await dependant.call(**values)
           ^^^^^^^^^^^^^^^^^^^^^^^^^^^^^^
  File "I:\hari-app\garmentflow\backend\app\routes\reports.py", line 46, in department_performance
    data = await svc.get_department_performance()
           ^^^^^^^^^^^^^^^^^^^^^^^^^^^^^^^^^^^^^^
  File "I:\hari-app\garmentflow\backend\app\services\report_service.py", line 153, in get_department_performance
    results = await self.db.tasks.aggregate(pipeline).to_list(length=20)
              ^^^^^^^^^^^^^^^^^^^^^^^^^^^^^^^^^^^^^^^^^^^^^^^^^^^^^^^^^^
  File "C:\Users\minde\AppData\Local\Programs\Python\Python313\Lib\site-packages\motor\core.py", line 1683, in _to_list
    result = get_more_result.result()
  File "C:\Users\minde\AppData\Local\Programs\Python\Python313\Lib\site-packages\motor\core.py", line 1908, in _on_started
    pymongo_cursor = future.result()
  File "C:\Users\minde\AppData\Local\Programs\Python\Python313\Lib\concurrent\futures\thread.py", line 59, in run
    result = self.fn(*self.args, **self.kwargs)
  File "C:\Users\minde\AppData\Local\Programs\Python\Python313\Lib\site-packages\pymongo\collection.py", line 2696, in aggregate
    return self._aggregate(
           ~~~~~~~~~~~~~~~^
        _CollectionAggregationCommand,
        ^^^^^^^^^^^^^^^^^^^^^^^^^^^^^^
    ...<6 lines>...
        **kwargs,
        ^^^^^^^^^
    )
    ^
  File "C:\Users\minde\AppData\Local\Programs\Python\Python313\Lib\site-packages\pymongo\_csot.py", line 108, in csot_wrapper
    return func(self, *args, **kwargs)
  File "C:\Users\minde\AppData\Local\Programs\Python\Python313\Lib\site-packages\pymongo\collection.py", line 2604, in _aggregate
    return self.__database.client._retryable_read(
           ~~~~~~~~~~~~~~~~~~~~~~~~~~~~~~~~~~~~~~^
        cmd.get_cursor,
        ^^^^^^^^^^^^^^^
    ...<3 lines>...
        operation=_Op.AGGREGATE,
        ^^^^^^^^^^^^^^^^^^^^^^^^
    )
    ^
  File "C:\Users\minde\AppData\Local\Programs\Python\Python313\Lib\site-packages\pymongo\mongo_client.py", line 1534, in _retryable_read
    return self._retry_internal(
           ~~~~~~~~~~~~~~~~~~~~^
        func,
        ^^^^^
    ...<7 lines>...
        operation_id=operation_id,
        ^^^^^^^^^^^^^^^^^^^^^^^^^^
    )
    ^
  File "C:\Users\minde\AppData\Local\Programs\Python\Python313\Lib\site-packages\pymongo\_csot.py", line 108, in csot_wrapper
    return func(self, *args, **kwargs)
  File "C:\Users\minde\AppData\Local\Programs\Python\Python313\Lib\site-packages\pymongo\mongo_client.py", line 1501, in _retry_internal
    ).run()
      ~~~^^
  File "C:\Users\minde\AppData\Local\Programs\Python\Python313\Lib\site-packages\pymongo\mongo_client.py", line 2347, in run
    return self._read() if self._is_read else self._write()
           ~~~~~~~~~~^^
  File "C:\Users\minde\AppData\Local\Programs\Python\Python313\Lib\site-packages\pymongo\mongo_client.py", line 2485, in _read
    return self._func(self._session, self._server, conn, read_pref)  # type: ignore
           ~~~~~~~~~~^^^^^^^^^^^^^^^^^^^^^^^^^^^^^^^^^^^^^^^^^^^^^^
  File "C:\Users\minde\AppData\Local\Programs\Python\Python313\Lib\site-packages\pymongo\aggregation.py", line 162, in get_cursor
    result = conn.command(
        self._database.name,
    ...<9 lines>...
        user_fields=self._user_fields,
    )
  File "C:\Users\minde\AppData\Local\Programs\Python\Python313\Lib\site-packages\pymongo\helpers.py", line 327, in inner
    return func(*args, **kwargs)
  File "C:\Users\minde\AppData\Local\Programs\Python\Python313\Lib\site-packages\pymongo\pool.py", line 985, in command
    return command(
        self,
    ...<20 lines>...
        write_concern=write_concern,
    )
  File "C:\Users\minde\AppData\Local\Programs\Python\Python313\Lib\site-packages\pymongo\network.py", line 212, in command
    helpers._check_command_response(
    ~~~~~~~~~~~~~~~~~~~~~~~~~~~~~~~^
        response_doc,
        ^^^^^^^^^^^^^
    ...<2 lines>...
        parse_write_concern_error=parse_write_concern_error,
        ^^^^^^^^^^^^^^^^^^^^^^^^^^^^^^^^^^^^^^^^^^^^^^^^^^^^
    )
    ^
  File "C:\Users\minde\AppData\Local\Programs\Python\Python313\Lib\site-packages\pymongo\helpers.py", line 233, in _check_command_response
    raise OperationFailure(errmsg, code, response, max_wire_version)
pymongo.errors.OperationFailure: unrecognized option to $unwind stage: preserveNullAndEmpty, full error: {'ok': 0.0, 'errmsg': 'unrecognized option to $unwind stage: preserveNullAndEmpty', 'code': 28811, 'codeName': 'Location28811'}
2026-06-28 13:26:07 | ERROR    | app.services.report_service:192 | Recent activity error: unrecognized option to $unwind stage: preserveNullAndEmpty, full error: {'ok': 0.0, 'errmsg': 'unrecognized option to $unwind stage: preserveNullAndEmpty', 'code': 28811, 'codeName': 'Location28811'}
2026-06-28 13:26:14 | ERROR    | app.services.report_service:163 | Department performance error: unrecognized option to $unwind stage: preserveNullAndEmpty, full error: {'ok': 0.0, 'errmsg': 'unrecognized option to $unwind stage: preserveNullAndEmpty', 'code': 28811, 'codeName': 'Location28811'}
2026-06-28 13:26:14 | ERROR    | app.middleware.error_handler:53 | Unhandled exception: OperationFailure: unrecognized option to $unwind stage: preserveNullAndEmpty, full error: {'ok': 0.0, 'errmsg': 'unrecognized option to $unwind stage: preserveNullAndEmpty', 'code': 28811, 'codeName': 'Location28811'} | GET /api/reports/department-performance
Traceback (most recent call last):
  File "C:\Users\minde\AppData\Local\Programs\Python\Python313\Lib\site-packages\starlette\middleware\errors.py", line 164, in __call__
    await self.app(scope, receive, _send)
  File "C:\Users\minde\AppData\Local\Programs\Python\Python313\Lib\site-packages\starlette\middleware\cors.py", line 93, in __call__
    await self.simple_response(scope, receive, send, request_headers=headers)
  File "C:\Users\minde\AppData\Local\Programs\Python\Python313\Lib\site-packages\starlette\middleware\cors.py", line 148, in simple_response
    await self.app(scope, receive, send)
  File "C:\Users\minde\AppData\Local\Programs\Python\Python313\Lib\site-packages\starlette\middleware\exceptions.py", line 65, in __call__
    await wrap_app_handling_exceptions(self.app, conn)(scope, receive, send)
  File "C:\Users\minde\AppData\Local\Programs\Python\Python313\Lib\site-packages\starlette\_exception_handler.py", line 64, in wrapped_app
    raise exc
  File "C:\Users\minde\AppData\Local\Programs\Python\Python313\Lib\site-packages\starlette\_exception_handler.py", line 53, in wrapped_app
    await app(scope, receive, sender)
  File "C:\Users\minde\AppData\Local\Programs\Python\Python313\Lib\site-packages\starlette\routing.py", line 756, in __call__
    await self.middleware_stack(scope, receive, send)
  File "C:\Users\minde\AppData\Local\Programs\Python\Python313\Lib\site-packages\starlette\routing.py", line 776, in app
    await route.handle(scope, receive, send)
  File "C:\Users\minde\AppData\Local\Programs\Python\Python313\Lib\site-packages\starlette\routing.py", line 297, in handle
    await self.app(scope, receive, send)
  File "C:\Users\minde\AppData\Local\Programs\Python\Python313\Lib\site-packages\starlette\routing.py", line 77, in app
    await wrap_app_handling_exceptions(app, request)(scope, receive, send)
  File "C:\Users\minde\AppData\Local\Programs\Python\Python313\Lib\site-packages\starlette\_exception_handler.py", line 64, in wrapped_app
    raise exc
  File "C:\Users\minde\AppData\Local\Programs\Python\Python313\Lib\site-packages\starlette\_exception_handler.py", line 53, in wrapped_app
    await app(scope, receive, sender)
  File "C:\Users\minde\AppData\Local\Programs\Python\Python313\Lib\site-packages\starlette\routing.py", line 72, in app
    response = await func(request)
               ^^^^^^^^^^^^^^^^^^^
  File "C:\Users\minde\AppData\Local\Programs\Python\Python313\Lib\site-packages\fastapi\routing.py", line 278, in app
    raw_response = await run_endpoint_function(
                   ^^^^^^^^^^^^^^^^^^^^^^^^^^^^
        dependant=dependant, values=values, is_coroutine=is_coroutine
        ^^^^^^^^^^^^^^^^^^^^^^^^^^^^^^^^^^^^^^^^^^^^^^^^^^^^^^^^^^^^^
    )
    ^
  File "C:\Users\minde\AppData\Local\Programs\Python\Python313\Lib\site-packages\fastapi\routing.py", line 191, in run_endpoint_function
    return await dependant.call(**values)
           ^^^^^^^^^^^^^^^^^^^^^^^^^^^^^^
  File "I:\hari-app\garmentflow\backend\app\routes\reports.py", line 46, in department_performance
    data = await svc.get_department_performance()
           ^^^^^^^^^^^^^^^^^^^^^^^^^^^^^^^^^^^^^^
  File "I:\hari-app\garmentflow\backend\app\services\report_service.py", line 153, in get_department_performance
    results = await self.db.tasks.aggregate(pipeline).to_list(length=20)
              ^^^^^^^^^^^^^^^^^^^^^^^^^^^^^^^^^^^^^^^^^^^^^^^^^^^^^^^^^^
  File "C:\Users\minde\AppData\Local\Programs\Python\Python313\Lib\site-packages\motor\core.py", line 1683, in _to_list
    result = get_more_result.result()
  File "C:\Users\minde\AppData\Local\Programs\Python\Python313\Lib\site-packages\motor\core.py", line 1908, in _on_started
    pymongo_cursor = future.result()
  File "C:\Users\minde\AppData\Local\Programs\Python\Python313\Lib\concurrent\futures\thread.py", line 59, in run
    result = self.fn(*self.args, **self.kwargs)
  File "C:\Users\minde\AppData\Local\Programs\Python\Python313\Lib\site-packages\pymongo\collection.py", line 2696, in aggregate
    return self._aggregate(
           ~~~~~~~~~~~~~~~^
        _CollectionAggregationCommand,
        ^^^^^^^^^^^^^^^^^^^^^^^^^^^^^^
    ...<6 lines>...
        **kwargs,
        ^^^^^^^^^
    )
    ^
  File "C:\Users\minde\AppData\Local\Programs\Python\Python313\Lib\site-packages\pymongo\_csot.py", line 108, in csot_wrapper
    return func(self, *args, **kwargs)
  File "C:\Users\minde\AppData\Local\Programs\Python\Python313\Lib\site-packages\pymongo\collection.py", line 2604, in _aggregate
    return self.__database.client._retryable_read(
           ~~~~~~~~~~~~~~~~~~~~~~~~~~~~~~~~~~~~~~^
        cmd.get_cursor,
        ^^^^^^^^^^^^^^^
    ...<3 lines>...
        operation=_Op.AGGREGATE,
        ^^^^^^^^^^^^^^^^^^^^^^^^
    )
    ^
  File "C:\Users\minde\AppData\Local\Programs\Python\Python313\Lib\site-packages\pymongo\mongo_client.py", line 1534, in _retryable_read
    return self._retry_internal(
           ~~~~~~~~~~~~~~~~~~~~^
        func,
        ^^^^^
    ...<7 lines>...
        operation_id=operation_id,
        ^^^^^^^^^^^^^^^^^^^^^^^^^^
    )
    ^
  File "C:\Users\minde\AppData\Local\Programs\Python\Python313\Lib\site-packages\pymongo\_csot.py", line 108, in csot_wrapper
    return func(self, *args, **kwargs)
  File "C:\Users\minde\AppData\Local\Programs\Python\Python313\Lib\site-packages\pymongo\mongo_client.py", line 1501, in _retry_internal
    ).run()
      ~~~^^
  File "C:\Users\minde\AppData\Local\Programs\Python\Python313\Lib\site-packages\pymongo\mongo_client.py", line 2347, in run
    return self._read() if self._is_read else self._write()
           ~~~~~~~~~~^^
  File "C:\Users\minde\AppData\Local\Programs\Python\Python313\Lib\site-packages\pymongo\mongo_client.py", line 2485, in _read
    return self._func(self._session, self._server, conn, read_pref)  # type: ignore
           ~~~~~~~~~~^^^^^^^^^^^^^^^^^^^^^^^^^^^^^^^^^^^^^^^^^^^^^^
  File "C:\Users\minde\AppData\Local\Programs\Python\Python313\Lib\site-packages\pymongo\aggregation.py", line 162, in get_cursor
    result = conn.command(
        self._database.name,
    ...<9 lines>...
        user_fields=self._user_fields,
    )
  File "C:\Users\minde\AppData\Local\Programs\Python\Python313\Lib\site-packages\pymongo\helpers.py", line 327, in inner
    return func(*args, **kwargs)
  File "C:\Users\minde\AppData\Local\Programs\Python\Python313\Lib\site-packages\pymongo\pool.py", line 985, in command
    return command(
        self,
    ...<20 lines>...
        write_concern=write_concern,
    )
  File "C:\Users\minde\AppData\Local\Programs\Python\Python313\Lib\site-packages\pymongo\network.py", line 212, in command
    helpers._check_command_response(
    ~~~~~~~~~~~~~~~~~~~~~~~~~~~~~~~^
        response_doc,
        ^^^^^^^^^^^^^
    ...<2 lines>...
        parse_write_concern_error=parse_write_concern_error,
        ^^^^^^^^^^^^^^^^^^^^^^^^^^^^^^^^^^^^^^^^^^^^^^^^^^^^
    )
    ^
  File "C:\Users\minde\AppData\Local\Programs\Python\Python313\Lib\site-packages\pymongo\helpers.py", line 233, in _check_command_response
    raise OperationFailure(errmsg, code, response, max_wire_version)
pymongo.errors.OperationFailure: unrecognized option to $unwind stage: preserveNullAndEmpty, full error: {'ok': 0.0, 'errmsg': 'unrecognized option to $unwind stage: preserveNullAndEmpty', 'code': 28811, 'codeName': 'Location28811'}
2026-06-28 13:26:14 | ERROR    | app.services.report_service:192 | Recent activity error: unrecognized option to $unwind stage: preserveNullAndEmpty, full error: {'ok': 0.0, 'errmsg': 'unrecognized option to $unwind stage: preserveNullAndEmpty', 'code': 28811, 'codeName': 'Location28811'}
2026-06-28 13:28:05 | INFO     | app.main:77 | Shutting down GarmentFlow ERP...
2026-06-28 13:28:05 | INFO     | app.config.database:48 | Disconnected from MongoDB
2026-06-28 13:34:36 | INFO     | app.main:48 | Starting GarmentFlow Simple Task Tracker...
2026-06-28 13:34:36 | INFO     | app.database:16 | Connecting to MongoDB at mongodb://localhost:27017
2026-06-28 13:34:36 | INFO     | app.database:23 | MongoDB connection and indexes initialized.
2026-06-28 13:36:06 | INFO     | app.routes.auth:51 | User login successful: admin@garmentflow.com (ADMIN)
2026-06-28 13:36:09 | INFO     | app.routes.auth:51 | User login successful: ravi@garmentflow.com (WORKER)
2026-06-28 13:36:11 | WARNING  | app.middleware.error_handler:17 | HTTP 401: Invalid email or password | POST /api/login
2026-06-28 13:36:15 | INFO     | app.services.notification:10 | Notification to worker 6a40d56a5e5fb68e7203b290: New task assigned to you: Cut 500 fabric panels
2026-06-28 13:36:15 | INFO     | app.routes.tasks:81 | Task created: 'Cut 500 fabric panels' → worker Arjun Patel
2026-06-28 13:36:19 | WARNING  | app.middleware.error_handler:17 | HTTP 403: You may only update your own tasks | PUT /api/tasks/6a40d5f7960f6099a99bd947/status
2026-06-28 13:37:09 | INFO     | app.main:48 | Starting GarmentFlow Simple Task Tracker...
2026-06-28 13:37:09 | INFO     | app.database:16 | Connecting to MongoDB at mongodb://localhost:27017
2026-06-28 13:37:09 | INFO     | app.database:23 | MongoDB connection and indexes initialized.
2026-06-28 13:37:19 | WARNING  | app.middleware.error_handler:17 | HTTP 404: Not Found | GET /api/reports/department-performance
2026-06-28 13:37:19 | WARNING  | app.middleware.error_handler:17 | HTTP 404: Not Found | GET /api/upload/notifications
2026-06-28 13:37:19 | WARNING  | app.middleware.error_handler:17 | HTTP 404: Not Found | GET /api/reports/dashboard
2026-06-28 13:37:19 | WARNING  | app.middleware.error_handler:17 | HTTP 404: Not Found | GET /api/reports/activity
2026-07-03 19:38:03 | INFO     | app.main:48 | Starting GarmentFlow Simple Task Tracker...
2026-07-03 19:38:03 | INFO     | app.database:16 | Connecting to MongoDB at mongodb://localhost:27017
2026-07-03 19:38:03 | INFO     | app.database:23 | MongoDB connection and indexes initialized.
2026-07-03 19:38:07 | WARNING  | app.middleware.error_handler:17 | HTTP 404: Not Found | POST /api/auth/login
2026-07-03 19:38:07 | WARNING  | app.middleware.error_handler:17 | HTTP 404: Not Found | POST /api/auth/login
2026-07-03 19:38:17 | WARNING  | app.middleware.error_handler:17 | HTTP 404: Not Found | POST /api/auth/login
2026-07-03 19:38:24 | INFO     | app.main:53 | Shutting down GarmentFlow Simple Task Tracker...
2026-07-03 19:38:24 | INFO     | app.database:29 | MongoDB disconnected.
2026-07-03 19:38:33 | INFO     | app.main:48 | Starting GarmentFlow Simple Task Tracker...
2026-07-03 19:38:33 | INFO     | app.database:16 | Connecting to MongoDB at mongodb://localhost:27017
2026-07-03 19:38:33 | INFO     | app.database:23 | MongoDB connection and indexes initialized.
2026-07-03 19:38:34 | WARNING  | app.middleware.error_handler:17 | HTTP 404: Not Found | POST /api/auth/login
2026-07-03 19:38:36 | WARNING  | app.middleware.error_handler:17 | HTTP 404: Not Found | POST /api/auth/login
2026-07-03 19:38:37 | WARNING  | app.middleware.error_handler:17 | HTTP 404: Not Found | POST /api/auth/login
2026-07-03 19:38:44 | WARNING  | app.middleware.error_handler:17 | HTTP 404: Not Found | POST /api/auth/login
2026-07-03 19:40:59 | WARNING  | app.middleware.error_handler:17 | HTTP 404: Not Found | POST /api/auth/login
2026-07-03 19:40:59 | INFO     | app.main:53 | Shutting down GarmentFlow Simple Task Tracker...
2026-07-03 19:40:59 | INFO     | app.database:29 | MongoDB disconnected.
2026-07-03 19:41:01 | INFO     | app.main:48 | Starting GarmentFlow Simple Task Tracker...
2026-07-03 19:41:01 | INFO     | app.database:16 | Connecting to MongoDB at mongodb://localhost:27017
2026-07-03 19:41:01 | INFO     | app.database:23 | MongoDB connection and indexes initialized.
2026-07-03 19:41:05 | INFO     | app.routes.auth:53 | User login successful: admin@garmentflow.com (ADMIN)
2026-07-03 19:41:07 | WARNING  | app.middleware.error_handler:17 | HTTP 404: Not Found | GET /api/upload/notifications
2026-07-03 19:41:07 | WARNING  | app.middleware.error_handler:17 | HTTP 404: Not Found | GET /api/reports/dashboard
2026-07-03 19:41:07 | WARNING  | app.middleware.error_handler:17 | HTTP 404: Not Found | GET /api/reports/department-performance
2026-07-03 19:41:07 | WARNING  | app.middleware.error_handler:17 | HTTP 404: Not Found | GET /api/reports/activity
2026-07-03 19:41:09 | WARNING  | app.middleware.error_handler:17 | HTTP 404: Not Found | GET /api/orders
2026-07-03 19:41:25 | WARNING  | app.middleware.error_handler:17 | HTTP 404: Not Found | GET /api/departments
2026-07-03 19:41:25 | WARNING  | app.middleware.error_handler:17 | HTTP 404: Not Found | GET /api/users
